Resolving dependencies...
Downloading packages...
  characters 1.4.0 (1.4.1 available)
  flutter_lints 5.0.0 (6.0.0 available)
  flutter_local_notifications 18.0.1 (22.0.1 available)
  flutter_local_notifications_linux 5.0.0 (8.0.1 available)
  flutter_local_notifications_platform_interface 8.0.0 (12.0.0 available)
  flutter_slidable 3.1.2 (4.0.3 available)
  go_router 14.8.1 (17.3.0 available)
  lints 5.1.1 (6.1.0 available)
  matcher 0.12.17 (0.12.20 available)
  material_color_utilities 0.11.1 (0.13.0 available)
  meta 1.16.0 (1.18.3 available)
  package_config 2.2.0 (3.0.0 available)
  path_provider 2.1.5 (2.1.6 available)
  path_provider_foundation 2.5.1 (2.6.0 available)
  path_provider_platform_interface 2.1.2 (2.1.3 available)
  shared_preferences_android 2.4.23 (2.4.26 available)
  sqflite 2.4.2 (2.4.3 available)
  sqflite_android 2.4.2+2 (2.4.3 available)
  sqflite_common 2.5.6 (2.5.11 available)
  sqflite_common_ffi 2.3.7+1 (2.4.2 available)
  sqflite_darwin 2.4.2 (2.4.3 available)
  sqflite_platform_interface 2.4.0 (2.4.1 available)
  sqlite3 2.9.4 (3.3.3 available)
  synchronized 3.4.0 (3.4.1 available)
  test_api 0.7.6 (0.7.12 available)
  timezone 0.10.1 (0.11.0 available)
  vector_math 2.2.0 (2.4.0 available)
  xml 6.6.1 (7.0.1 available)
Got dependencies!
28 packages have newer versions incompatible with dependency constraints.
Try `flutter pub outdated` for more information.
Running Gradle task 'assembleRelease'...                        
Font asset "CupertinoIcons.ttf" was tree-shaken, reducing it from 257628 to 848 bytes (99.7% reduction). Tree-shaking can be disabled by providing the --no-tree-shake-icons flag when building your app.
Font asset "MaterialIcons-Regular.otf" was tree-shaken, reducing it from 1645184 to 6592 bytes (99.6% reduction). Tree-shaking can be disabled by providing the --no-tree-shake-icons flag when building your app.
Running Gradle task 'assembleRelease'...                           63.4s
√ Built build\app\outputs\flutter-apk\app-release.apk (52.2MB)
